// Jest Snapshot v1, https://goo.gl/fbAQLP

exports[`Test withAudio component withAudio is rendered correctly 1`] = `
<div>
  <audio />
</div>
`;
